[33msample 0 -  -[0m (slot 0)    361    379    255
[33msample 0 -  -[0m (slot 0)    361    377    255
[33msample 0 -  -[0m (slot 0)    361    374    255
[33msample 0 -  -[0m (slot 0)    361    371    255
[33msample 0 -  -[0m (slot 0)    361    368    255
[33msample 0 -  -[0m (slot 0)    361    364    255
[33msample 0 -  -[0m (slot 0)    361    360    255
[33msample 0 -  -[0m (slot 0)    361    356    255
[33msample 0 -  -[0m (slot 0)    361    351    255
[33msample 0 -  -[0m (slot 0)    361    346    255
[33msample 0 -  -[0m (slot 0)    361    341    255
[33msample 0 -  -[0m (slot 0)    361    336    255
[33msample 0 -  -[0m (slot 0)    361    330    255
[33msample 0 -  -[0m (slot 0)    361    324    255
[33msample 0 -  -[0m (slot 0)    361    318    255
[33msample 0 -  -[0m (slot 0)    361    312    255
[33msample 0 -  -[0m (slot 0)    361    306    255
[33msample 0 -  -[0m (slot 0)    361    300    255
[33msample 0 -  -[0m (slot 0)    361    294    255
[33msample 0 -  -[0m (slot 0)    361    288    255
[33msample 0 -  -[0m (slot 0)    361    282    255
[33msample 0 -  -[0m (slot 0)    361    276    255
[33msample 0 -  -[0m (slot 0)    361    270    255
[33msample 0 -  -[0m (slot 0)    361    264    255
[33msample 0 -  -[0m (slot 0)    361    259    255
[33msample 0 -  -[0m (slot 0)    361    254    255
[33msample 0 -  -[0m (slot 0)    361    249    255
[33msample 0 -  -[0m (slot 0)    361    244    255
[33msample 0 -  -[0m (slot 0)    361    239    255
[33msample 0 -  -[0m (slot 0)    361    234    255
[33msample 0 -  -[0m (slot 0)    361    229    255
[33msample 0 -  -[0m (slot 0)    361    224    255
[33msample 0 -  -[0m (slot 0)    361    219    255
[33msample 0 -  -[0m (slot 0)    361    214    255
[33msample 0 -  -[0m (slot 0)    361    209    255
[33msample 0 -  -[0m (slot 0)    361    204    255
[33msample 0 -  -[0m (slot 0)    361    199    255
[33msample 0 -  -[0m (slot 0)    361    195    255
[33msample 0 -  -[0m (slot 0)    361    190    255
[33msample 0 -  -[0m (slot 0)    361    185    255
[33msample 0 -  -[0m (slot 0)    361    180    255
[33msample 0 -  -[0m (slot 0)    361    175    255
[33msample 0 -  -[0m (slot 0)    361    170    255
[33msample 0 -  -[0m (slot 0)    362    165    255
[33msample 0 -  -[0m (slot 0)    362    160    255
[33msample 0 -  -[0m (slot 0)    363    155    255
[33msample 0 -  -[0m (slot 0)    363    150    255
[33msample 0 -  -[0m (slot 0)    364    145    255
[33msample 0 -  -[0m (slot 0)    365    139    255
[33msample 0 -  -[0m (slot 0)    366    134    255
[33msample 0 -  -[0m (slot 0)    366    128    255
[33msample 0 -  -[0m (slot 0)    367    123    255
[33msample 0 -  -[0m (slot 0)    367    118    255
[33msample 0 -  -[0m (slot 0)    367    113    255
[33msample 0 -  -[0m (slot 0)    368    109    255
[33msample 0 -  -[0m (slot 0)    368    105    255
[33msample 0 -  -[0m (slot 0)    368    102    255
[33msample 0 -  -[0m (slot 0)    369     99    255
[33msample 0 -  -[0m (slot 0)    370     97    255
[33msample 0 -  -[0m (slot 0)    371     95    255
[33msample 0 -  -[0m (slot 0)    371     95    255
[33msample 0 -  -[0m (slot 0)    372     95    255
[33msample 0 -  -[0m (slot 0)    373     96    255
[33msample 0 -  -[0m (slot 0)    373     98    255
[33msample 0 -  -[0m (slot 0)    374    100    255
[33msample 0 -  -[0m (slot 0)    374    103    255
[33msample 0 -  -[0m (slot 0)    375    107    255
[33msample 0 -  -[0m (slot 0)    375    112    255
[33msample 0 -  -[0m (slot 0)    376    117    255
[33msample 0 -  -[0m (slot 0)    376    123    255
[33msample 0 -  -[0m (slot 0)    376    129    255
[33msample 0 -  -[0m (slot 0)    376    135    255
[33msample 0 -  -[0m (slot 0)    376    141    255
[33msample 0 -  -[0m (slot 0)    376    147    255
[33msample 0 -  -[0m (slot 0)    376    153    255
[33msample 0 -  -[0m (slot 0)    376    160    255
[33msample 0 -  -[0m (slot 0)    376    166    255
[33msample 0 -  -[0m (slot 0)    376    172    255
[33msample 0 -  -[0m (slot 0)    376    178    255
[33msample 0 -  -[0m (slot 0)    376    184    255
[33msample 0 -  -[0m (slot 0)    377    190    255
[33msample 0 -  -[0m (slot 0)    377    195    255
[33msample 0 -  -[0m (slot 0)    377    200    255
[33msample 0 -  -[0m (slot 0)    377    205    255
[33msample 0 -  -[0m (slot 0)    377    210    255
[33msample 0 -  -[0m (slot 0)    377    214    255
[33msample 0 -  -[0m (slot 0)    377    218    255
[33msample 0 -  -[0m (slot 0)    377    222    255
[33msample 0 -  -[0m (slot 0)    377    226    255
[33msample 0 -  -[0m (slot 0)    377    230    255
[33msample 0 -  -[0m (slot 0)    377    233    255
[33msample 0 -  -[0m (slot 0)    378    236    255
[33msample 0 -  -[0m (slot 0)    378    239    255
[33msample 0 -  -[0m (slot 0)    379    242    255
[33msample 0 -  -[0m (slot 0)    380    245    255
[33msample 0 -  -[0m (slot 0)    380    248    255
[33msample 0 -  -[0m (slot 0)    380    251    255
[33msample 0 -  -[0m (slot 0)    380    254    255
[33msample 0 -  -[0m (slot 0)    381    257    255
[33msample 0 -  -[0m (slot 0)    381    260    255
[33msample 0 -  -[0m (slot 0)    381    263    255
[33msample 0 -  -[0m (slot 0)    381    266    255
[33msample 0 -  -[0m (slot 0)    381    269    255
[33msample 0 -  -[0m (slot 0)    381    272    255
[33msample 0 -  -[0m (slot 0)    381    275    255
[33msample 0 -  -[0m (slot 0)    381    279    255
[33msample 0 -  -[0m (slot 0)    381    282    255
[33msample 0 -  -[0m (slot 0)    381    286    255
[33msample 0 -  -[0m (slot 0)    381    290    255
[33msample 0 -  -[0m (slot 0)    381    294    255
[33msample 0 -  -[0m (slot 0)    381    297    255
[33msample 0 -  -[0m (slot 0)    381    301    255
[33msample 0 -  -[0m (slot 0)    381    305    255
[33msample 0 -  -[0m (slot 0)    381    308    255
[33msample 0 -  -[0m (slot 0)    381    311    255
[33msample 0 -  -[0m (slot 0)    381    314    255
[33msample 0 -  -[0m (slot 0)    382    317    255
[33msample 0 -  -[0m (slot 0)    382    320    255
[33msample 0 -  -[0m (slot 0)    382    323    255
[33msample 0 -  -[0m (slot 0)    382    326    255
[33msample 0 -  -[0m (slot 0)    383    329    255
[33msample 0 -  -[0m (slot 0)    383    332    255
[33msample 0 -  -[0m (slot 0)    383    334    255
[33msample 0 -  -[0m (slot 0)    383    336    255
[33msample 0 -  -[0m (slot 0)    383    338    255
[33msample 0 -  -[0m (slot 0)    383    340    255
[33msample 0 -  -[0m (slot 0)    383    342    255
[33msample 0 -  -[0m (slot 0)    383    345    255
[33msample 0 -  -[0m (slot 0)    383    347    255
[33msample 0 -  -[0m (slot 0)    383    349    255
[33msample 0 -  -[0m (slot 0)    383    351    255
[33msample 0 -  -[0m (slot 0)    383    353    255
[33msample 0 -  -[0m (slot 0)    383    355    255
[33msample 0 -  -[0m (slot 0)    383    358    255
[33msample 0 -  -[0m (slot 0)    383    360    255
[33msample 0 -  -[0m (slot 0)    383    362    255
[33msample 0 -  -[0m (slot 0)    383    364    255
[33msample 0 -  -[0m (slot 0)    383    366    255
[33msample 0 -  -[0m (slot 0)    383    368    255
[33msample 0 -  -[0m (slot 0)    383    370    255
[33msample 0 -  -[0m (slot 0)    383    372    255
[33msample 0 -  -[0m (slot 0)    383    374    255
[33msample 0 -  -[0m (slot 0)    383    376    255
[33msample 0 -  -[0m (slot 0)    383    378    255
[33msample 0 -  -[0m (slot 0)    383    380    255
[33msample 0 -  -[0m (slot 0)    383    382    255
[33msample 0 -  -[0m (slot 0)    383    384    255
[33msample 0 -  -[0m (slot 0)    383    386    255
[33msample 0 -  -[0m (slot 0)    383    387    255
[33msample 0 -  -[0m (slot 0)    382    393      0
