[33msample 0 -  -[0m (slot 0)    340    242    255
[33msample 0 -  -[0m (slot 0)    340    242      0
