[33msample 0 -  -[0m (slot 0)    361    379    255
[33msample 0 -  -[0m (slot 0)    361    368    255
[33msample 0 -  -[0m (slot 0)    361    364    255
[33msample 0 -  -[0m (slot 0)    361    360    255
[33msample 0 -  -[0m (slot 0)    361    355    255
[33msample 0 -  -[0m (slot 0)    361    350    255
[33msample 0 -  -[0m (slot 0)    361    344    255
[33msample 0 -  -[0m (slot 0)    361    338    255
[33msample 0 -  -[0m (slot 0)    361    332    255
[33msample 0 -  -[0m (slot 0)    361    326    255
[33msample 0 -  -[0m (slot 0)    361    320    255
[33msample 0 -  -[0m (slot 0)    359    314    255
[33msample 0 -  -[0m (slot 0)    359    308    255
[33msample 0 -  -[0m (slot 0)    359    302    255
[33msample 0 -  -[0m (slot 0)    359    295    255
[33msample 0 -  -[0m (slot 0)    359    289    255
[33msample 0 -  -[0m (slot 0)    359    282    255
[33msample 0 -  -[0m (slot 0)    359    277    255
[33msample 0 -  -[0m (slot 0)    359    270    255
[33msample 0 -  -[0m (slot 0)    359    264    255
[33msample 0 -  -[0m (slot 0)    359    259    255
[33msample 0 -  -[0m (slot 0)    359    253    255
[33msample 0 -  -[0m (slot 0)    359    247    255
[33msample 0 -  -[0m (slot 0)    359    242    255
[33msample 0 -  -[0m (slot 0)    359    237    255
[33msample 0 -  -[0m (slot 0)    359    233    255
[33msample 0 -  -[0m (slot 0)    359    228    255
[33msample 0 -  -[0m (slot 0)    359    224    255
[33msample 0 -  -[0m (slot 0)    359    219    255
[33msample 0 -  -[0m (slot 0)    359    214    255
[33msample 0 -  -[0m (slot 0)    359    210    255
[33msample 0 -  -[0m (slot 0)    359    205    255
[33msample 0 -  -[0m (slot 0)    361    200    255
[33msample 0 -  -[0m (slot 0)    361    195    255
[33msample 0 -  -[0m (slot 0)    361    191    255
[33msample 0 -  -[0m (slot 0)    361    186    255
[33msample 0 -  -[0m (slot 0)    362    181    255
[33msample 0 -  -[0m (slot 0)    362    177    255
[33msample 0 -  -[0m (slot 0)    362    171    255
[33msample 0 -  -[0m (slot 0)    362    167    255
[33msample 0 -  -[0m (slot 0)    362    161    255
[33msample 0 -  -[0m (slot 0)    362    156    255
[33msample 0 -  -[0m (slot 0)    363    151    255
[33msample 0 -  -[0m (slot 0)    364    145    255
[33msample 0 -  -[0m (slot 0)    364    140    255
[33msample 0 -  -[0m (slot 0)    365    134    255
[33msample 0 -  -[0m (slot 0)    365    128    255
[33msample 0 -  -[0m (slot 0)    366    123    255
[33msample 0 -  -[0m (slot 0)    367    117    255
[33msample 0 -  -[0m (slot 0)    368    112    255
[33msample 0 -  -[0m (slot 0)    368    106    255
[33msample 0 -  -[0m (slot 0)    369    102    255
[33msample 0 -  -[0m (slot 0)    369     98    255
[33msample 0 -  -[0m (slot 0)    369     95    255
[33msample 0 -  -[0m (slot 0)    370     92    255
[33msample 0 -  -[0m (slot 0)    370     90    255
[33msample 0 -  -[0m (slot 0)    370     89    255
[33msample 0 -  -[0m (slot 0)    371     89    255
[33msample 0 -  -[0m (slot 0)    372     89    255
[33msample 0 -  -[0m (slot 0)    373     89    255
[33msample 0 -  -[0m (slot 0)    373     93    255
[33msample 0 -  -[0m (slot 0)    374     96    255
[33msample 0 -  -[0m (slot 0)    375     99    255
[33msample 0 -  -[0m (slot 0)    375    104    255
[33msample 0 -  -[0m (slot 0)    376    109    255
[33msample 0 -  -[0m (slot 0)    376    116    255
[33msample 0 -  -[0m (slot 0)    377    123    255
[33msample 0 -  -[0m (slot 0)    377    130    255
[33msample 0 -  -[0m (slot 0)    378    138    255
[33msample 0 -  -[0m (slot 0)    378    145    255
[33msample 0 -  -[0m (slot 0)    378    152    255
[33msample 0 -  -[0m (slot 0)    378    160    255
[33msample 0 -  -[0m (slot 0)    378    166    255
[33msample 0 -  -[0m (slot 0)    378    173    255
[33msample 0 -  -[0m (slot 0)    378    179    255
[33msample 0 -  -[0m (slot 0)    378    186    255
[33msample 0 -  -[0m (slot 0)    378    192    255
[33msample 0 -  -[0m (slot 0)    378    198    255
[33msample 0 -  -[0m (slot 0)    378    203    255
[33msample 0 -  -[0m (slot 0)    378    208    255
[33msample 0 -  -[0m (slot 0)    379    213    255
[33msample 0 -  -[0m (slot 0)    379    217    255
[33msample 0 -  -[0m (slot 0)    379    221    255
[33msample 0 -  -[0m (slot 0)    379    225    255
[33msample 0 -  -[0m (slot 0)    379    229    255
[33msample 0 -  -[0m (slot 0)    379    232    255
[33msample 0 -  -[0m (slot 0)    379    235    255
[33msample 0 -  -[0m (slot 0)    379    238    255
[33msample 0 -  -[0m (slot 0)    379    241    255
[33msample 0 -  -[0m (slot 0)    379    244    255
[33msample 0 -  -[0m (slot 0)    379    247    255
[33msample 0 -  -[0m (slot 0)    380    249    255
[33msample 0 -  -[0m (slot 0)    380    251    255
[33msample 0 -  -[0m (slot 0)    381    254    255
[33msample 0 -  -[0m (slot 0)    382    256    255
[33msample 0 -  -[0m (slot 0)    382    259    255
[33msample 0 -  -[0m (slot 0)    382    262    255
[33msample 0 -  -[0m (slot 0)    382    265    255
[33msample 0 -  -[0m (slot 0)    383    268    255
[33msample 0 -  -[0m (slot 0)    383    271    255
[33msample 0 -  -[0m (slot 0)    383    275    255
[33msample 0 -  -[0m (slot 0)    383    278    255
[33msample 0 -  -[0m (slot 0)    383    282    255
[33msample 0 -  -[0m (slot 0)    383    285    255
[33msample 0 -  -[0m (slot 0)    383    288    255
[33msample 0 -  -[0m (slot 0)    383    293    255
[33msample 0 -  -[0m (slot 0)    383    296    255
[33msample 0 -  -[0m (slot 0)    383    300    255
[33msample 0 -  -[0m (slot 0)    383    304    255
[33msample 0 -  -[0m (slot 0)    383    308    255
[33msample 0 -  -[0m (slot 0)    383    311    255
[33msample 0 -  -[0m (slot 0)    383    315    255
[33msample 0 -  -[0m (slot 0)    383    319    255
[33msample 0 -  -[0m (slot 0)    383    322    255
[33msample 0 -  -[0m (slot 0)    383    325    255
[33msample 0 -  -[0m (slot 0)    383    327    255
[33msample 0 -  -[0m (slot 0)    384    330    255
[33msample 0 -  -[0m (slot 0)    384    332    255
[33msample 0 -  -[0m (slot 0)    384    335    255
[33msample 0 -  -[0m (slot 0)    384    337    255
[33msample 0 -  -[0m (slot 0)    385    339    255
[33msample 0 -  -[0m (slot 0)    385    342    255
[33msample 0 -  -[0m (slot 0)    385    344    255
[33msample 0 -  -[0m (slot 0)    385    346    255
[33msample 0 -  -[0m (slot 0)    385    348    255
[33msample 0 -  -[0m (slot 0)    385    350    255
[33msample 0 -  -[0m (slot 0)    385    352    255
[33msample 0 -  -[0m (slot 0)    385    355    255
[33msample 0 -  -[0m (slot 0)    385    357    255
[33msample 0 -  -[0m (slot 0)    385    359    255
[33msample 0 -  -[0m (slot 0)    385    361    255
[33msample 0 -  -[0m (slot 0)    385    363    255
[33msample 0 -  -[0m (slot 0)    385    365    255
[33msample 0 -  -[0m (slot 0)    385    368    255
[33msample 0 -  -[0m (slot 0)    385    370    255
[33msample 0 -  -[0m (slot 0)    385    372    255
[33msample 0 -  -[0m (slot 0)    385    374    255
[33msample 0 -  -[0m (slot 0)    385    376    255
[33msample 0 -  -[0m (slot 0)    385    378    255
[33msample 0 -  -[0m (slot 0)    385    380    255
[33msample 0 -  -[0m (slot 0)    385    382    255
[33msample 0 -  -[0m (slot 0)    385    384    255
[33msample 0 -  -[0m (slot 0)    385    386    255
[33msample 0 -  -[0m (slot 0)    385    387    255
[33msample 0 -  -[0m (slot 0)    385    389    255
[33msample 0 -  -[0m (slot 0)    385    390    255
[33msample 0 -  -[0m (slot 0)    385    391    255
[33msample 0 -  -[0m (slot 0)    385    392    255
[33msample 0 -  -[0m (slot 0)    382    393    255
[33msample 0 -  -[0m (slot 0)    382    393      0
