[33msample 0 -  -[0m (slot 0)    415    107    255
[33msample 0 -  -[0m (slot 1)    133    245    255
[33msample 0 -  -[0m (slot 2)    258    115    255
[33msample 0 -  -[0m (slot 0)    415    110    255
[33msample 0 -  -[0m (slot 0)    415    113    255
[33msample 0 -  -[0m (slot 1)    133    248    255
[33msample 0 -  -[0m (slot 2)    258    118    255
[33msample 0 -  -[0m (slot 0)    415    116    255
[33msample 0 -  -[0m (slot 1)    133    251    255
[33msample 0 -  -[0m (slot 2)    258    121    255
[33msample 0 -  -[0m (slot 3)    639    207    255
[33msample 0 -  -[0m (slot 0)    415    120    255
[33msample 0 -  -[0m (slot 1)    133    254    255
[33msample 0 -  -[0m (slot 2)    258    124    255
[33msample 0 -  -[0m (slot 0)    415    124    255
[33msample 0 -  -[0m (slot 1)    133    258    255
[33msample 0 -  -[0m (slot 2)    258    128    255
[33msample 0 -  -[0m (slot 0)    415    128    255
[33msample 0 -  -[0m (slot 1)    133    262    255
[33msample 0 -  -[0m (slot 2)    259    132    255
[33msample 0 -  -[0m (slot 0)    415    133    255
[33msample 0 -  -[0m (slot 1)    133    267    255
[33msample 0 -  -[0m (slot 2)    260    137    255
[33msample 0 -  -[0m (slot 3)    639    209    255
[33msample 0 -  -[0m (slot 0)    415    138    255
[33msample 0 -  -[0m (slot 1)    134    272    255
[33msample 0 -  -[0m (slot 2)    260    142    255
[33msample 0 -  -[0m (slot 3)    639    212    255
[33msample 0 -  -[0m (slot 0)    416    144    255
[33msample 0 -  -[0m (slot 1)    135    278    255
[33msample 0 -  -[0m (slot 2)    260    147    255
[33msample 0 -  -[0m (slot 3)    639    215    255
[33msample 0 -  -[0m (slot 0)    416    150    255
[33msample 0 -  -[0m (slot 1)    135    284    255
[33msample 0 -  -[0m (slot 2)    260    153    255
[33msample 0 -  -[0m (slot 3)    640    219    255
[33msample 0 -  -[0m (slot 0)    416    156    255
[33msample 0 -  -[0m (slot 1)    135    290    255
[33msample 0 -  -[0m (slot 2)    261    159    255
[33msample 0 -  -[0m (slot 3)    640    224    255
[33msample 0 -  -[0m (slot 0)    417    162    255
[33msample 0 -  -[0m (slot 1)    136    296    255
[33msample 0 -  -[0m (slot 2)    261    166    255
[33msample 0 -  -[0m (slot 3)    641    229    255
[33msample 0 -  -[0m (slot 0)    417    169    255
[33msample 0 -  -[0m (slot 1)    137    303    255
[33msample 0 -  -[0m (slot 2)    261    173    255
[33msample 0 -  -[0m (slot 3)    641    235    255
[33msample 0 -  -[0m (slot 0)    417    176    255
[33msample 0 -  -[0m (slot 1)    137    310    255
[33msample 0 -  -[0m (slot 2)    261    180    255
[33msample 0 -  -[0m (slot 3)    641    241    255
[33msample 0 -  -[0m (slot 0)    418    183    255
[33msample 0 -  -[0m (slot 1)    137    317    255
[33msample 0 -  -[0m (slot 2)    262    187    255
[33msample 0 -  -[0m (slot 3)    642    247    255
[33msample 0 -  -[0m (slot 0)    418    190    255
[33msample 0 -  -[0m (slot 1)    137    325    255
[33msample 0 -  -[0m (slot 2)    262    195    255
[33msample 0 -  -[0m (slot 3)    642    254    255
[33msample 0 -  -[0m (slot 0)    419    198    255
[33msample 0 -  -[0m (slot 1)    137    333    255
[33msample 0 -  -[0m (slot 2)    262    203    255
[33msample 0 -  -[0m (slot 3)    642    261    255
[33msample 0 -  -[0m (slot 0)    419    205    255
[33msample 0 -  -[0m (slot 1)    137    341    255
[33msample 0 -  -[0m (slot 2)    262    211    255
[33msample 0 -  -[0m (slot 3)    642    268    255
[33msample 0 -  -[0m (slot 0)    419    213    255
[33msample 0 -  -[0m (slot 1)    137    349    255
[33msample 0 -  -[0m (slot 2)    262    219    255
[33msample 0 -  -[0m (slot 3)    642    275    255
[33msample 0 -  -[0m (slot 0)    419    221    255
[33msample 0 -  -[0m (slot 1)    137    357    255
[33msample 0 -  -[0m (slot 2)    262    227    255
[33msample 0 -  -[0m (slot 3)    643    282    255
[33msample 0 -  -[0m (slot 0)    419    228    255
[33msample 0 -  -[0m (slot 1)    137    365    255
[33msample 0 -  -[0m (slot 2)    262    235    255
[33msample 0 -  -[0m (slot 3)    643    289    255
[33msample 0 -  -[0m (slot 0)    419    235    255
[33msample 0 -  -[0m (slot 1)    138    373    255
[33msample 0 -  -[0m (slot 2)    262    243    255
[33msample 0 -  -[0m (slot 3)    644    296    255
[33msample 0 -  -[0m (slot 0)    419    242    255
[33msample 0 -  -[0m (slot 1)    139    380    255
[33msample 0 -  -[0m (slot 2)    262    250    255
[33msample 0 -  -[0m (slot 3)    644    303    255
[33msample 0 -  -[0m (slot 0)    419    249    255
[33msample 0 -  -[0m (slot 1)    139    387    255
[33msample 0 -  -[0m (slot 2)    262    257    255
[33msample 0 -  -[0m (slot 3)    645    310    255
[33msample 0 -  -[0m (slot 0)    419    255    255
[33msample 0 -  -[0m (slot 1)    140    393    255
[33msample 0 -  -[0m (slot 2)    262    263    255
[33msample 0 -  -[0m (slot 3)    645    316    255
[33msample 0 -  -[0m (slot 0)    419    261    255
[33msample 0 -  -[0m (slot 2)    262    269    255
[33msample 0 -  -[0m (slot 3)    645    322    255
[33msample 0 -  -[0m (slot 0)    419    266    255
[33msample 0 -  -[0m (slot 2)    262    274    255
[33msample 0 -  -[0m (slot 3)    645    327    255
[33msample 0 -  -[0m (slot 1)    142    418      0
[33msample 0 -  -[0m (slot 0)    421    287      0
[33msample 0 -  -[0m (slot 2)    264    295      0
[33msample 0 -  -[0m (slot 3)    647    346      0
